// Jest Snapshot v1, https://goo.gl/fbAQLP

exports[`Test Snapshot 1`] = `
<View
  style={
    {
      "alignItems": "center",
      "flex": 1,
      "flexDirection": "row",
      "justifyContent": "center",
    }
  }
>
  <Text
    style={
      {
        "color": "black",
        "fontWeight": "bold",
      }
    }
  >
    Hiiiiiiiii
  </Text>
</View>
`;
